// Jest Snapshot v1, https://goo.gl/fbAQLP

exports[`Desktop Toaster Must match the snapshot 1`] = `
<div
  id="root1"
>
  <div
    class="desktop-toaster"
  >
    <towech-finance-toast
      class="ng-trigger ng-trigger-toast"
    >
      <div
        class="desktop-toast"
      >
        <div
          class="ng-trigger ng-trigger-r color warning"
        />
        <div
          class="message ng-trigger ng-trigger-toast"
        >
           ADD TEST 3 
        </div>
      </div>
    </towech-finance-toast>
    <towech-finance-toast
      class="ng-trigger ng-trigger-toast"
    >
      <div
        class="desktop-toast"
      >
        <div
          class="ng-trigger ng-trigger-r color success"
        />
        <div
          class="message ng-trigger ng-trigger-toast"
        >
           ADD TEST 2 
        </div>
      </div>
    </towech-finance-toast>
    <towech-finance-toast
      class="ng-trigger ng-trigger-toast"
    >
      <div
        class="desktop-toast"
      >
        <div
          class="ng-trigger ng-trigger-r color error"
        />
        <div
          class="message ng-trigger ng-trigger-toast"
        >
           ADD TEST 1 
        </div>
      </div>
    </towech-finance-toast>
    <towech-finance-toast
      class="ng-trigger ng-trigger-toast"
    >
      <div
        class="desktop-toast"
      >
        <div
          class="ng-trigger ng-trigger-r color"
        />
        <div
          class="message ng-trigger ng-trigger-toast"
        >
           ADD TEST 0 
        </div>
      </div>
    </towech-finance-toast>
    
  </div>
</div>
`;
