// Jest Snapshot v1, https://goo.gl/fbAQLP

exports[`Login Form Must match the snapshot 1`] = `
<div
  id="root1"
>
  <form
    class="ngrx-forms-valid ngrx-forms-pristine ngrx-forms-untouched ngrx-forms-unsubmitted"
    novalidate=""
  >
    <towech-finance-shared-input
      class="ngrx-forms-valid ngrx-forms-pristine ngrx-forms-untouched ngrx-forms-unsubmitted"
      label="Username"
    >
      <div
        class="input_component"
      >
        <input
          placeholder=" "
          type="text"
        />
        <label>
          Username
        </label>
      </div>
    </towech-finance-shared-input>
    <towech-finance-shared-input
      class="ngrx-forms-valid ngrx-forms-pristine ngrx-forms-untouched ngrx-forms-unsubmitted"
      label="Password"
      type="password"
    >
      <div
        class="input_component"
      >
        <input
          placeholder=" "
          type="password"
        />
        <label>
          Password
        </label>
      </div>
    </towech-finance-shared-input>
    <div
      class="bottom-row"
    >
      <towech-finance-checkbox
        class="ngrx-forms-valid ngrx-forms-pristine ngrx-forms-untouched ngrx-forms-unsubmitted"
        label="Keep Session"
      >
        <div
          class="checkbox"
        >
          <input
            id="towech-checkbox"
            type="checkbox"
          />
          <label
            for="towech-checkbox"
          >
            Keep Session
          </label>
        </div>
      </towech-finance-checkbox>
      <towech-finance-button
        type="submit"
      >
        <button
          class="accent"
          type="submit"
        >
          Login
        </button>
      </towech-finance-button>
    </div>
  </form>
</div>
`;
