// Jest Snapshot v1, https://goo.gl/fbAQLP

exports[`Desktop Layout Must match the snapshot 1`] = `
<div
  id="root1"
>
  <div
    class="layout"
  >
    <finance-navbar>
      <div
        class="nav-wrapper"
      >
        <nav
          class="deployed"
        >
          <div
            class="header"
          >
            <finance-navbar-item
              icon="bars"
              id="navbar-menu"
              label="Close"
            >
              <button>
                <div>
                  <fa-icon
                    class="ng-fa-icon"
                    size="2x"
                  >
                    <svg
                      aria-hidden="true"
                      class="svg-inline--fa fa-bars fa-fw fa-2x"
                      data-icon="bars"
                      data-prefix="fas"
                      focusable="false"
                      role="img"
                      viewBox="0 0 448 512"
                      xmlns="http://www.w3.org/2000/svg"
                    >
                      <path
                        d="M0 96C0 78.3 14.3 64 32 64H416c17.7 0 32 14.3 32 32s-14.3 32-32 32H32C14.3 128 0 113.7 0 96zM0 256c0-17.7 14.3-32 32-32H416c17.7 0 32 14.3 32 32s-14.3 32-32 32H32c-17.7 0-32-14.3-32-32zM448 416c0 17.7-14.3 32-32 32H32c-17.7 0-32-14.3-32-32s14.3-32 32-32H416c17.7 0 32 14.3 32 32z"
                        fill="currentColor"
                      />
                    </svg>
                  </fa-icon>
                  <div
                    class="label ng-trigger ng-trigger-pesto"
                  >
                     Close 
                  </div>
                  
                </div>
              </button>
            </finance-navbar-item>
            <div
              class="title"
            >
              <h1>
                
              </h1>
            </div>
          </div>
          <div
            class="contents"
          >
            <div
              class="nav__divider desk__only"
            />
            <div
              class="contents__main"
            >
              
            </div>
            <div
              class="nav__divider"
            />
            <div>
              <finance-navbar-item
                id="logout"
                label="Logout"
              >
                <button>
                  <div>
                    <fa-icon
                      class="ng-fa-icon"
                      size="2x"
                    >
                      <svg
                        aria-hidden="true"
                        class="svg-inline--fa fa-right-from-bracket fa-fw fa-2x"
                        data-icon="right-from-bracket"
                        data-prefix="fas"
                        focusable="false"
                        role="img"
                        viewBox="0 0 512 512"
                        xmlns="http://www.w3.org/2000/svg"
                      >
                        <path
                          d="M377.9 105.9L500.7 228.7c7.2 7.2 11.3 17.1 11.3 27.3s-4.1 20.1-11.3 27.3L377.9 406.1c-6.4 6.4-15 9.9-24 9.9c-18.7 0-33.9-15.2-33.9-33.9l0-62.1-128 0c-17.7 0-32-14.3-32-32l0-64c0-17.7 14.3-32 32-32l128 0 0-62.1c0-18.7 15.2-33.9 33.9-33.9c9 0 17.6 3.6 24 9.9zM160 96L96 96c-17.7 0-32 14.3-32 32l0 256c0 17.7 14.3 32 32 32l64 0c17.7 0 32 14.3 32 32s-14.3 32-32 32l-64 0c-53 0-96-43-96-96L0 128C0 75 43 32 96 32l64 0c17.7 0 32 14.3 32 32s-14.3 32-32 32z"
                          fill="currentColor"
                        />
                      </svg>
                    </fa-icon>
                    <div
                      class="label ng-trigger ng-trigger-pesto"
                    >
                       Logout 
                    </div>
                    
                  </div>
                </button>
              </finance-navbar-item>
            </div>
          </div>
        </nav>
      </div>
    </finance-navbar>
    <div
      class="layout__contents"
    >
      
      <router-outlet />
      
    </div>
  </div>
</div>
`;
