// Jest Snapshot v1, https://goo.gl/fbAQLP

exports[`Desktop Login Component Must match the snapshot 1`] = `
<div
  id="root3"
>
  <div
    class="login-container"
  >
    <h1>
      Login
    </h1>
    <form
      class="ng-untouched ng-pristine ng-invalid"
      novalidate=""
    >
      <towech-finance-shared-input
        class="ng-untouched ng-pristine ng-invalid"
        formcontrolname="username"
        label="Username"
      >
        <div
          class="input_component"
        >
          <input
            placeholder=" "
            type="text"
          />
          <label>
            Username
          </label>
        </div>
      </towech-finance-shared-input>
      <towech-finance-shared-input
        class="ng-untouched ng-pristine ng-invalid"
        formcontrolname="password"
        label="Password"
        type="password"
      >
        <div
          class="input_component"
        >
          <input
            placeholder=" "
            type="password"
          />
          <label>
            Password
          </label>
        </div>
      </towech-finance-shared-input>
      <div
        class="bottom-row"
      >
        <towech-finance-checkbox
          class="ng-untouched ng-pristine ng-valid"
          formcontrolname="keepSession"
          label="Keep Session"
        >
          <div
            class="checkbox"
          >
            <input
              id="towech-checkbox"
              type="checkbox"
            />
            <label
              for="towech-checkbox"
            >
              Keep Session
            </label>
          </div>
        </towech-finance-checkbox>
        <towech-finance-button
          id="Login-button"
          type="submit"
        >
          <button
            class="accent"
            type="submit"
          >
            Login
          </button>
        </towech-finance-button>
      </div>
    </form>
  </div>
</div>
`;
