// Jest Snapshot v1, https://goo.gl/fbAQLP

exports[`Desktop Login Component Must match the snapshot 1`] = `
<div
  id="root1"
>
  <towech-finance-toaster>
    <div
      class="desktop-toaster"
    >
      
    </div>
  </towech-finance-toaster>
  <div
    class="login-container"
  >
    <h1>
      Login
    </h1>
    <towech-finance-login-form>
      <form
        class="ngrx-forms-invalid ngrx-forms-pristine ngrx-forms-untouched ngrx-forms-unsubmitted"
        novalidate=""
      >
        <towech-finance-shared-input
          class="ngrx-forms-invalid ngrx-forms-pristine ngrx-forms-untouched ngrx-forms-unsubmitted"
          label="Username"
        >
          <div
            class="input_component"
          >
            <input
              placeholder=" "
              type="text"
            />
            <label>
              Username
            </label>
          </div>
        </towech-finance-shared-input>
        <towech-finance-shared-input
          class="ngrx-forms-invalid ngrx-forms-pristine ngrx-forms-untouched ngrx-forms-unsubmitted"
          label="Password"
          type="password"
        >
          <div
            class="input_component"
          >
            <input
              placeholder=" "
              type="password"
            />
            <label>
              Password
            </label>
          </div>
        </towech-finance-shared-input>
        <button
          type="submit"
        >
          Login
        </button>
      </form>
    </towech-finance-login-form>
  </div>
  
</div>
`;
