// Jest Snapshot v1, https://goo.gl/fbAQLP

exports[`DesktopSettingsUiUserForm Must match the snapshot 1`] = `
<div
  id="root1"
>
  <h2>
    Edit User
  </h2>
  <form
    class="ng-untouched ng-pristine ng-valid"
    novalidate=""
  >
    <div
      class="form-input"
    >
      <p>
        Name:
      </p>
      <finance-input
        class="ng-untouched ng-pristine ng-valid"
        data-test-id="name"
        formcontrolname="name"
      >
        <div
          class="input_component"
        >
          <input
            placeholder=" "
            type="text"
          />
          <label>
            
          </label>
        </div>
      </finance-input>
    </div>
    <div
      class="form-input"
    >
      <p>
        E-Mail
      </p>
      <finance-input
        class="ng-untouched ng-pristine ng-valid"
        data-test-id="mail"
        formcontrolname="mail"
      >
        <div
          class="input_component"
        >
          <input
            placeholder=" "
            type="text"
          />
          <label>
            
          </label>
        </div>
      </finance-input>
    </div>
    <div
      class="form-submit"
    >
      <finance-button
        data-test-id="submit-edit-user"
        type="submit"
      >
        <button
          class="accent"
          type="submit"
        >
          Save
        </button>
      </finance-button>
    </div>
  </form>
</div>
`;
